C:\Users\Bryan Jácome Tumbaco\Desktop\Nueva carpeta\proyectorama>git branch
* master
  pruebas
  ramanuevaV2

C:\Users\Bryan Jácome Tumbaco\Desktop\Nueva carpeta\proyectorama>git log --oneline --graph --all --decorate
* e19d4d6 (ramanuevaV2) A<C3><B1>adi una segunda linea
* eb62a91 (HEAD -> master) A<C3><B1>ado un nuevo texto
| * ca46e6d (pruebas) Introduzco una linea en el Archivo1
|/
* a9277fe A<C3><B1>ado el archivo2
* 8946784 A<C3><B1>ado el archivo1
C:\Users\Bryan Jácome Tumbaco\Desktop\Nueva carpeta\proyectorama>git branch intento

C:\Users\Bryan Jácome Tumbaco\Desktop\Nueva carpeta\proyectorama>git merge intento
Already up to date.

C:\Users\Bryan Jácome Tumbaco\Desktop\Nueva carpeta\proyectorama>git log --oneline --graph --all --decorate
* e19d4d6 (ramanuevaV2) A<C3><B1>adi una segunda linea
* eb62a91 (HEAD -> master, intento) A<C3><B1>ado un nuevo texto
| * ca46e6d (pruebas) Introduzco una linea en el Archivo1
|/
* a9277fe A<C3><B1>ado el archivo2
* 8946784 A<C3><B1>ado el archivo1

C:\Users\Bryan Jácome Tumbaco\Desktop\Nueva carpeta\proyectorama>git branch
  intento
* master
  pruebas
  ramanuevaV2
 C:\Users\Bryan Jácome Tumbaco\Desktop\Nueva carpeta\proyectorama>type Archivo1.txt
Inserto una l├¡nea en el archivo
C:\Users\Bryan Jácome Tumbaco\Desktop\Nueva carpeta\proyectorama>git add .

C:\Users\Bryan Jácome Tumbaco\Desktop\Nueva carpeta\proyectorama>git status
On branch master
Changes to be committed:
  (use "git restore --staged <file>..." to unstage)
        modified:   Archivo1.txt

C:\Users\Bryan Jácome Tumbaco\Desktop\Nueva carpeta\proyectorama>git commit -m "Cambio en la rama master"
[master dadae86] Cambio en la rama master
 1 file changed, 2 insertions(+), 1 deletion(-)
 
C:\Users\Bryan Jácome Tumbaco\Desktop\Nueva carpeta\proyectorama>git checkout intento
Switched to branch 'intento'

C:\Users\Bryan Jácome Tumbaco\Desktop\Nueva carpeta\proyectorama>git add .

C:\Users\Bryan Jácome Tumbaco\Desktop\Nueva carpeta\proyectorama>git commit -m "Cambio en la rama intento"
[intento 96ee459] Cambio en la rama intento
 1 file changed, 1 insertion(+)
 
C:\Users\Bryan Jácome Tumbaco\Desktop\Nueva carpeta\proyectorama>git log --oneline --graph --all --decorate
* 96ee459 (HEAD -> intento) Cambio en la rama intento
| * dadae86 (master) Cambio en la rama master
|/
| * e19d4d6 (ramanuevaV2) A<C3><B1>adi una segunda linea
|/
* eb62a91 A<C3><B1>ado un nuevo texto
| * ca46e6d (pruebas) Introduzco una linea en el Archivo1
|/
* a9277fe A<C3><B1>ado el archivo2
* 8946784 A<C3><B1>ado el archivo1


C:\Users\Bryan Jácome Tumbaco\Desktop\Nueva carpeta\proyectorama>git checkout master
Switched to branch 'master'

C:\Users\Bryan Jácome Tumbaco\Desktop\Nueva carpeta\proyectorama>git merge intento
Merge made by the 'recursive' strategy.
 Archivo2.txt | 1 +
 1 file changed, 1 insertion(+)
 
 
C:\Users\Bryan Jácome Tumbaco\Desktop\Nueva carpeta\proyectorama>type Archivo2.txt
Cambio en la rama intento
C:\Users\Bryan Jácome Tumbaco\Desktop\Nueva carpeta\proyectorama>
C:\Users\Bryan Jácome Tumbaco\Desktop\Nueva carpeta\proyectorama>git log --oneline --graph --all --decorate
*   d584e05 (HEAD -> master) Merge branch 'intento' into master
|\
| * 96ee459 (intento) Cambio en la rama intento
* | dadae86 Cambio en la rama master
|/
| * e19d4d6 (ramanuevaV2) A<C3><B1>adi una segunda linea
|/
* eb62a91 A<C3><B1>ado un nuevo texto
| * ca46e6d (pruebas) Introduzco una linea en el Archivo1
|/
* a9277fe A<C3><B1>ado el archivo2
* 8946784 A<C3><B1>ado el archivo1
